./gradlew : WARNING: A restricted method in java.lang.System has been called
At line:1 char:1
+ ./gradlew compileJava --no-daemon > compile_errors.txt 2>&1
+ ~~~~~~~~~~~~~~~~~~~~~~~~~~~~~~~~~~~~~~~~~~~~~~~~~~~~~~~~~~~
    + CategoryInfo          : NotSpecified: (WARNING: A rest...has been called 
   :String) [], RemoteException
    + FullyQualifiedErrorId : NativeCommandError
 
WARNING: java.lang.System::load has been called by 
net.rubygrapefruit.platform.internal.NativeLibraryLoader in an unnamed module (
file:/C:/Users/Admin/.gradle/wrapper/dists/gradle-8.5-bin/5t9huq95ubn472n8rpzuj
fbqh/gradle-8.5/lib/native-platform-0.22-milestone-25.jar)
WARNING: Use --enable-native-access=ALL-UNNAMED to avoid a warning for callers 
in this module
WARNING: Restricted methods will be blocked in a future release unless native 
access is enabled

To honour the JVM settings for this build a single-use Daemon process will be forked. For more on this, please refer to https://docs.gradle.org/8.5/userguide/gradle_daemon.html#sec:disabling_the_daemon in the Gradle documentation.
Daemon will be stopped at the end of the build 
> Task :compileJava
D:\Live Project -2025-Jul\Deployement\SchoolManagments\School-MGMTSaaS\src\main
\java\com\vijay\User_Master\service\impl\AcademicTutoringServiceImpl.java:645: 
error: cannot find symbol
        long totalSessions = 
tutoringSessionRepository.countByOwnerIdAndIsDeletedFalse(ownerId);
                                                      ^
  symbol:   method countByOwnerIdAndIsDeletedFalse(Long)
  location: variable tutoringSessionRepository of type 
TutoringSessionRepository
D:\Live Project -2025-Jul\Deployement\SchoolManagments\School-MGMTSaaS\src\main
\java\com\vijay\User_Master\service\impl\AcademicTutoringServiceImpl.java:651: 
error: cannot find symbol
        long activeLearningPaths = 
learningPathRepository.countByOwnerIdAndIsActiveTrueAndIsDeletedFalse(ownerId);
                                                         ^
  symbol:   method countByOwnerIdAndIsActiveTrueAndIsDeletedFalse(Long)
  location: variable learningPathRepository of type LearningPathRepository
D:\Live Project -2025-Jul\Deployement\SchoolManagments\School-MGMTSaaS\src\main
\java\com\vijay\User_Master\service\impl\AcademicTutoringServiceImpl.java:652: 
error: cannot find symbol
        long completedLearningPaths = learningPathRepository.countByOwnerIdAndI
sCompletedTrueAndIsDeletedFalse(ownerId);
                                                            ^
  symbol:   method countByOwnerIdAndIsCompletedTrueAndIsDeletedFalse(Long)
  location: variable learningPathRepository of type LearningPathRepository
Note: D:\Live Project -2025-Jul\Deployement\SchoolManagments\School-MGMTSaaS\sr
c\main\java\com\vijay\User_Master\service\ChatIntegrationService.java uses 
unchecked or unsafe operations.
Note: Recompile with -Xlint:unchecked for details.
3 errors

> Task :compileJava FAILED

FAILURE: Build failed with an exception.

* What went wrong:
Execution failed for task ':compileJava'.
> Compilation failed; see the compiler error output for details.

* Try:
> Run with --info option to get more log output.
> Run with --scan to get full insights.

BUILD FAILED in 1m 44s
1 actionable task: 1 executed
